// Jest Snapshot v1, https://goo.gl/fbAQLP

exports[`ui NotFound component renders correctly 1`] = `
<div
  id="notfound"
>
  <div
    class="notfound"
  >
    <div
      class="notfound-404"
    >
      <h1>
        4
        <span />
        4
      </h1>
    </div>
    <h2>
      Oops! Page Not Be Found
    </h2>
    <p>
      Sorry but the page you are looking for does not exist, have been removed. name changed or is temporarily unavailable
    </p>
    <a
      href="http://localhost:3000/"
    >
      Back to homepage
    </a>
  </div>
</div>
`;
