// Jest Snapshot v1, https://goo.gl/fbAQLP

exports[`ui MoviesList component renders correctly 1`] = `
ShallowWrapper {
  Symbol(enzyme.__root__): [Circular],
  Symbol(enzyme.__unrendered__): <MoviesList
    history={Object {}}
    movieDes={[MockFunction]}
    movies={
      Array [
        "hi",
        "hello",
      ]
    }
  />,
  Symbol(enzyme.__renderer__): Object {
    "batchedUpdates": [Function],
    "getNode": [Function],
    "render": [Function],
    "simulateError": [Function],
    "simulateEvent": [Function],
    "unmount": [Function],
  },
  Symbol(enzyme.__node__): Object {
    "instance": null,
    "key": undefined,
    "nodeType": "host",
    "props": Object {
      "children": Array [
        <MovieComp
          0="h"
          1="i"
          history={Object {}}
          onClick={[MockFunction]}
        />,
        <MovieComp
          0="h"
          1="e"
          2="l"
          3="l"
          4="o"
          history={Object {}}
          onClick={[MockFunction]}
        />,
      ],
      "className": "moviesContainer",
    },
    "ref": null,
    "rendered": Array [
      Object {
        "instance": null,
        "key": "0",
        "nodeType": "function",
        "props": Object {
          "0": "h",
          "1": "i",
          "history": Object {},
          "onClick": [MockFunction],
        },
        "ref": null,
        "rendered": null,
        "type": [Function],
      },
      Object {
        "instance": null,
        "key": "1",
        "nodeType": "function",
        "props": Object {
          "0": "h",
          "1": "e",
          "2": "l",
          "3": "l",
          "4": "o",
          "history": Object {},
          "onClick": [MockFunction],
        },
        "ref": null,
        "rendered": null,
        "type": [Function],
      },
    ],
    "type": "div",
  },
  Symbol(enzyme.__nodes__): Array [
    Object {
      "instance": null,
      "key": undefined,
      "nodeType": "host",
      "props": Object {
        "children": Array [
          <MovieComp
            0="h"
            1="i"
            history={Object {}}
            onClick={[MockFunction]}
          />,
          <MovieComp
            0="h"
            1="e"
            2="l"
            3="l"
            4="o"
            history={Object {}}
            onClick={[MockFunction]}
          />,
        ],
        "className": "moviesContainer",
      },
      "ref": null,
      "rendered": Array [
        Object {
          "instance": null,
          "key": "0",
          "nodeType": "function",
          "props": Object {
            "0": "h",
            "1": "i",
            "history": Object {},
            "onClick": [MockFunction],
          },
          "ref": null,
          "rendered": null,
          "type": [Function],
        },
        Object {
          "instance": null,
          "key": "1",
          "nodeType": "function",
          "props": Object {
            "0": "h",
            "1": "e",
            "2": "l",
            "3": "l",
            "4": "o",
            "history": Object {},
            "onClick": [MockFunction],
          },
          "ref": null,
          "rendered": null,
          "type": [Function],
        },
      ],
      "type": "div",
    },
  ],
  Symbol(enzyme.__options__): Object {
    "adapter": ReactSixteenAdapter {
      "options": Object {
        "enableComponentDidUpdateOnSetState": true,
        "lifecycles": Object {
          "componentDidUpdate": Object {
            "onSetState": true,
          },
          "getDerivedStateFromProps": true,
          "getSnapshotBeforeUpdate": true,
          "setState": Object {
            "skipsComponentDidUpdateOnNullish": true,
          },
        },
      },
    },
  },
}
`;
