// Jest Snapshot v1, https://goo.gl/fbAQLP

exports[`ui MovieComp component renders correctly 1`] = `
ShallowWrapper {
  Symbol(enzyme.__root__): [Circular],
  Symbol(enzyme.__unrendered__): <MovieComp
    genres={
      Array [
        "a",
        "b",
      ]
    }
    history={Object {}}
    id=""
    onClick={[MockFunction]}
    poster_path=""
    release_date=""
    title=""
  />,
  Symbol(enzyme.__renderer__): Object {
    "batchedUpdates": [Function],
    "getNode": [Function],
    "render": [Function],
    "simulateError": [Function],
    "simulateEvent": [Function],
    "unmount": [Function],
  },
  Symbol(enzyme.__node__): Object {
    "instance": null,
    "key": undefined,
    "nodeType": "host",
    "props": Object {
      "children": Array [
        <img
          alt=""
          src=""
          style={
            Object {
              "borderRadius": "8px",
              "width": "300px",
            }
          }
        />,
        <div
          className="labelContainer"
        >
          <label
            className="movieTitle"
          >
            
          </label>
          <label
            className="movieGenres"
          >
            a & b
          </label>
        </div>,
        <label
          className="releaseYear"
        >
          
        </label>,
      ],
      "className": "movieBlock",
      "onClick": [Function],
    },
    "ref": null,
    "rendered": Array [
      Object {
        "instance": null,
        "key": undefined,
        "nodeType": "host",
        "props": Object {
          "alt": "",
          "src": "",
          "style": Object {
            "borderRadius": "8px",
            "width": "300px",
          },
        },
        "ref": null,
        "rendered": null,
        "type": "img",
      },
      Object {
        "instance": null,
        "key": undefined,
        "nodeType": "host",
        "props": Object {
          "children": Array [
            <label
              className="movieTitle"
            >
              
            </label>,
            <label
              className="movieGenres"
            >
              a & b
            </label>,
          ],
          "className": "labelContainer",
        },
        "ref": null,
        "rendered": Array [
          Object {
            "instance": null,
            "key": undefined,
            "nodeType": "host",
            "props": Object {
              "children": "",
              "className": "movieTitle",
            },
            "ref": null,
            "rendered": "",
            "type": "label",
          },
          Object {
            "instance": null,
            "key": undefined,
            "nodeType": "host",
            "props": Object {
              "children": "a & b",
              "className": "movieGenres",
            },
            "ref": null,
            "rendered": "a & b",
            "type": "label",
          },
        ],
        "type": "div",
      },
      Object {
        "instance": null,
        "key": undefined,
        "nodeType": "host",
        "props": Object {
          "children": "",
          "className": "releaseYear",
        },
        "ref": null,
        "rendered": "",
        "type": "label",
      },
    ],
    "type": "div",
  },
  Symbol(enzyme.__nodes__): Array [
    Object {
      "instance": null,
      "key": undefined,
      "nodeType": "host",
      "props": Object {
        "children": Array [
          <img
            alt=""
            src=""
            style={
              Object {
                "borderRadius": "8px",
                "width": "300px",
              }
            }
          />,
          <div
            className="labelContainer"
          >
            <label
              className="movieTitle"
            >
              
            </label>
            <label
              className="movieGenres"
            >
              a & b
            </label>
          </div>,
          <label
            className="releaseYear"
          >
            
          </label>,
        ],
        "className": "movieBlock",
        "onClick": [Function],
      },
      "ref": null,
      "rendered": Array [
        Object {
          "instance": null,
          "key": undefined,
          "nodeType": "host",
          "props": Object {
            "alt": "",
            "src": "",
            "style": Object {
              "borderRadius": "8px",
              "width": "300px",
            },
          },
          "ref": null,
          "rendered": null,
          "type": "img",
        },
        Object {
          "instance": null,
          "key": undefined,
          "nodeType": "host",
          "props": Object {
            "children": Array [
              <label
                className="movieTitle"
              >
                
              </label>,
              <label
                className="movieGenres"
              >
                a & b
              </label>,
            ],
            "className": "labelContainer",
          },
          "ref": null,
          "rendered": Array [
            Object {
              "instance": null,
              "key": undefined,
              "nodeType": "host",
              "props": Object {
                "children": "",
                "className": "movieTitle",
              },
              "ref": null,
              "rendered": "",
              "type": "label",
            },
            Object {
              "instance": null,
              "key": undefined,
              "nodeType": "host",
              "props": Object {
                "children": "a & b",
                "className": "movieGenres",
              },
              "ref": null,
              "rendered": "a & b",
              "type": "label",
            },
          ],
          "type": "div",
        },
        Object {
          "instance": null,
          "key": undefined,
          "nodeType": "host",
          "props": Object {
            "children": "",
            "className": "releaseYear",
          },
          "ref": null,
          "rendered": "",
          "type": "label",
        },
      ],
      "type": "div",
    },
  ],
  Symbol(enzyme.__options__): Object {
    "adapter": ReactSixteenAdapter {
      "options": Object {
        "enableComponentDidUpdateOnSetState": true,
        "lifecycles": Object {
          "componentDidUpdate": Object {
            "onSetState": true,
          },
          "getDerivedStateFromProps": true,
          "getSnapshotBeforeUpdate": true,
          "setState": Object {
            "skipsComponentDidUpdateOnNullish": true,
          },
        },
      },
    },
  },
}
`;
